// Jest Snapshot v1, https://goo.gl/fbAQLP

exports[`SelectMapFeature action should set the payload 1`] = `
Object {
  "geometry": Object {
    "coordinates": Array [
      10.263290405273438,
      56.17155205794858,
    ],
    "type": "Point",
  },
  "type": "Feature",
}
`;
